Creating backup branch: backup/pre-merge-final-20251031T090623Z
Ensure base feature/performance-optimizations exists
Created merged/complete from feature/performance-optimizations
--- Merging local branches into merged/complete ---
Merging local optimize
--- Merging remote-only origin branches into merged/complete ---
mail address were configured automatically based
on your username and hostname. Please check that they are accurate.
You can suppress this message by setting them explicitly. Run the
following command and follow the instructions in your editor to edit
your configuration file:

    git config --global --edit

After doing this, you may fix the identity used for this commit with:

    git commit --amend --reset-author

 1 file changed, 4 insertions(+)
 create mode 100644 merge_done.log
Switched to a new branch 'backup/pre-merge-final-20251031T090623Z'
remote: 
remote: Create a pull request for 'backup/pre-merge-final-20251031T090623Z' on GitHub by visiting:        
remote:      https://github.com/pawelleks/spy-markov-hmm/pull/new/backup/pre-merge-final-20251031T090623Z        
remote: 
To https://github.com/pawelleks/spy-markov-hmm.git
 * [new branch]      backup/pre-merge-final-20251031T090623Z -> backup/pre-merge-final-20251031T090623Z
branch 'backup/pre-merge-final-20251031T090623Z' set up to track 'origin/backup/pre-merge-final-20251031T090623Z'.
Ensure base feature/performance-optimizations exists
Switched to branch 'feature/performance-optimizations'
M	merge_done.log
Your branch and 'origin/feature/performance-optimizations' have diverged,
and have 6 and 4 different commits each, respectively.
  (use "git pull" to merge the remote branch into yours)
Switched to a new branch 'merged/complete'
M	merge_done.log
Created merged/complete from feature/performance-optimizations
--- Merging local branches into merged/complete ---
Skipping backup/feature-perf-20251030170623
Skipping backup/pre-finalize-2-20251030T202920Z
Skipping backup/pre-merge-20251030T200622Z
Skipping backup/pre-merge-final-20251031T090623Z
Skipping feature/performance-optimizations
Skipping main
Skipping merged/complete
Merging local optimize
Merge made by the 'recursive' strategy.
 market-analytics-playground/app/app.py | 208 ++++++++++++++++++++-------------
 1 file changed, 127 insertions(+), 81 deletions(-)
Merged optimize
--- Merging remote-only origin branches into merged/complete ---
Remote backup/pre-finalize-2-20251030T202920Z has local counterpart; skipping
Remote backup/pre-merge-final-20251031T090623Z has local counterpart; skipping
Remote feature/performance-optimizations has local counterpart; skipping
Remote main has local counterpart; skipping
Remote optimize has local counterpart; skipping
