
  You can now view your Streamlit app in your browser.

  URL: http://127.0.0.1:8501

  For better performance, install the Watchdog module:

  $ xcode-select --install
  $ pip install watchdog
            
2025-10-31 12:45:35.042 Uncaught app exception
Traceback (most recent call last):
  File "/Users/pawelleks/Documents/daily-charts/.venv/lib/python3.12/site-packages/streamlit/runtime/scriptrunner/exec_code.py", line 88, in exec_func_with_error_handling
    result = func()
             ^^^^^^
  File "/Users/pawelleks/Documents/daily-charts/.venv/lib/python3.12/site-packages/streamlit/runtime/scriptrunner/script_runner.py", line 590, in code_to_exec
    exec(code, module.__dict__)
  File "/Users/pawelleks/Documents/Python/Projects/market-analytics-playground/market-analytics-playground/app/pages/03_Signal_History.py", line 316, in <module>
    signals = compute_signals(spy, extras)
              ^^^^^^^^^^^^^^^^^^^^^^^^^^^^
  File "/Users/pawelleks/Documents/Python/Projects/market-analytics-playground/market-analytics-playground/app/pages/03_Signal_History.py", line 217, in compute_signals
    term = vix['Price'].reindex(df['Date']).ffill(limit=1) - vix3m['Price'].reindex(df['Date']).ffill(limit=1)
           ~~~^^^^^^^^^
  File "/Users/pawelleks/Documents/daily-charts/.venv/lib/python3.12/site-packages/pandas/core/frame.py", line 4107, in __getitem__
    indexer = self.columns.get_loc(key)
              ^^^^^^^^^^^^^^^^^^^^^^^^^
  File "/Users/pawelleks/Documents/daily-charts/.venv/lib/python3.12/site-packages/pandas/core/indexes/range.py", line 417, in get_loc
    raise KeyError(key)
KeyError: 'Price'
2025-10-31 13:07:02.126 MediaFileHandler: Missing file 0aaa6854878340d04a2a43691a1706052a9a57b00e0f1ad221faa2a9.png
2025-10-31 13:07:02.300 MediaFileHandler: Missing file 1399db59e7077eba896c37a065db17f4a3fca2c81e50216b88c2a28f.png
2025-10-31 13:07:03.038 MediaFileHandler: Missing file 552e6e6484c75619faa08adc462d0a407f6145846f8a15225d2b63c1.png
2025-10-31 13:07:03.108 MediaFileHandler: Missing file d77b9a3b511f002e78ed88bc806a092108fd24a24aeb484b165e258f.png
2025-10-31 13:07:03.169 MediaFileHandler: Missing file 11f7d6fb7f66d65d907347167fb7fe701a517c7355197243620fc4c1.png
2025-10-31 13:07:03.282 MediaFileHandler: Missing file 1e9c2aca627ec8f6c9a883acb4997d5feae011813e1be9daa903f4b4.png
2025-10-31 13:07:07.189 MediaFileHandler: Missing file 0aaa6854878340d04a2a43691a1706052a9a57b00e0f1ad221faa2a9.png
2025-10-31 13:07:07.356 MediaFileHandler: Missing file 1399db59e7077eba896c37a065db17f4a3fca2c81e50216b88c2a28f.png
2025-10-31 13:07:07.629 MediaFileHandler: Missing file 552e6e6484c75619faa08adc462d0a407f6145846f8a15225d2b63c1.png
2025-10-31 13:07:07.699 MediaFileHandler: Missing file d77b9a3b511f002e78ed88bc806a092108fd24a24aeb484b165e258f.png
2025-10-31 13:07:07.761 MediaFileHandler: Missing file 11f7d6fb7f66d65d907347167fb7fe701a517c7355197243620fc4c1.png
2025-10-31 13:07:07.870 MediaFileHandler: Missing file 1e9c2aca627ec8f6c9a883acb4997d5feae011813e1be9daa903f4b4.png
2025-10-31 13:07:22.743 MediaFileHandler: Missing file 0aaa6854878340d04a2a43691a1706052a9a57b00e0f1ad221faa2a9.png
2025-10-31 13:07:22.904 MediaFileHandler: Missing file 1399db59e7077eba896c37a065db17f4a3fca2c81e50216b88c2a28f.png
2025-10-31 13:07:23.200 MediaFileHandler: Missing file 552e6e6484c75619faa08adc462d0a407f6145846f8a15225d2b63c1.png
2025-10-31 13:07:23.255 MediaFileHandler: Missing file d77b9a3b511f002e78ed88bc806a092108fd24a24aeb484b165e258f.png
2025-10-31 13:07:23.319 MediaFileHandler: Missing file 11f7d6fb7f66d65d907347167fb7fe701a517c7355197243620fc4c1.png
2025-10-31 13:07:23.413 MediaFileHandler: Missing file 1e9c2aca627ec8f6c9a883acb4997d5feae011813e1be9daa903f4b4.png
2025-10-31 13:12:09.110 MediaFileHandler: Missing file 0aaa6854878340d04a2a43691a1706052a9a57b00e0f1ad221faa2a9.png
2025-10-31 13:12:09.280 MediaFileHandler: Missing file 1399db59e7077eba896c37a065db17f4a3fca2c81e50216b88c2a28f.png
2025-10-31 13:12:09.558 MediaFileHandler: Missing file 552e6e6484c75619faa08adc462d0a407f6145846f8a15225d2b63c1.png
2025-10-31 13:12:09.634 MediaFileHandler: Missing file d77b9a3b511f002e78ed88bc806a092108fd24a24aeb484b165e258f.png
2025-10-31 13:12:09.695 MediaFileHandler: Missing file 11f7d6fb7f66d65d907347167fb7fe701a517c7355197243620fc4c1.png
2025-10-31 13:12:09.784 MediaFileHandler: Missing file 1e9c2aca627ec8f6c9a883acb4997d5feae011813e1be9daa903f4b4.png
2025-10-31 13:17:54.748 MediaFileHandler: Missing file 0aaa6854878340d04a2a43691a1706052a9a57b00e0f1ad221faa2a9.png
2025-10-31 13:17:54.919 MediaFileHandler: Missing file 1399db59e7077eba896c37a065db17f4a3fca2c81e50216b88c2a28f.png
2025-10-31 13:17:55.196 MediaFileHandler: Missing file 552e6e6484c75619faa08adc462d0a407f6145846f8a15225d2b63c1.png
2025-10-31 13:17:55.289 MediaFileHandler: Missing file d77b9a3b511f002e78ed88bc806a092108fd24a24aeb484b165e258f.png
2025-10-31 13:17:55.358 MediaFileHandler: Missing file 11f7d6fb7f66d65d907347167fb7fe701a517c7355197243620fc4c1.png
2025-10-31 13:17:55.489 MediaFileHandler: Missing file 1e9c2aca627ec8f6c9a883acb4997d5feae011813e1be9daa903f4b4.png
2025-10-31 13:59:41.805 MediaFileHandler: Missing file 1db4e0da387c80f77e8f2fadeb1a531dc6fa963e205a2b4d6c7f00db.png
2025-10-31 13:59:41.972 MediaFileHandler: Missing file 10325dab0155ebeee205901ed2548f51dcec3008128b7153d1eb9c49.png
2025-10-31 13:59:42.643 MediaFileHandler: Missing file 6625ab61561176e12359c006c041bb8615e6124494b80e7cce74bd4c.png
2025-10-31 13:59:42.720 MediaFileHandler: Missing file b4575963c8795c82a305a2f1622ea204c1e3d352c44e75a497159207.png
2025-10-31 13:59:42.778 MediaFileHandler: Missing file f53fb3b0b87905f885faaa1bf8994ee488515df200ddb5619f457267.png
2025-10-31 13:59:42.892 MediaFileHandler: Missing file fcff30de0502a8123ad4efd5a9218ef80a2bd24dde035198888c7a7f.png
2025-10-31 14:01:06.507 MediaFileHandler: Missing file 1db4e0da387c80f77e8f2fadeb1a531dc6fa963e205a2b4d6c7f00db.png
2025-10-31 14:01:06.668 MediaFileHandler: Missing file 10325dab0155ebeee205901ed2548f51dcec3008128b7153d1eb9c49.png
2025-10-31 14:01:06.959 MediaFileHandler: Missing file 6625ab61561176e12359c006c041bb8615e6124494b80e7cce74bd4c.png
2025-10-31 14:01:07.021 MediaFileHandler: Missing file b4575963c8795c82a305a2f1622ea204c1e3d352c44e75a497159207.png
2025-10-31 14:01:07.085 MediaFileHandler: Missing file f53fb3b0b87905f885faaa1bf8994ee488515df200ddb5619f457267.png
2025-10-31 14:01:07.175 MediaFileHandler: Missing file fcff30de0502a8123ad4efd5a9218ef80a2bd24dde035198888c7a7f.png
2025-10-31 14:06:02.814 Uncaught app exception
Traceback (most recent call last):
  File "/Users/pawelleks/Documents/daily-charts/.venv/lib/python3.12/site-packages/streamlit/runtime/scriptrunner/exec_code.py", line 88, in exec_func_with_error_handling
    result = func()
             ^^^^^^
  File "/Users/pawelleks/Documents/daily-charts/.venv/lib/python3.12/site-packages/streamlit/runtime/scriptrunner/script_runner.py", line 590, in code_to_exec
    exec(code, module.__dict__)
  File "/Users/pawelleks/Documents/Python/Projects/market-analytics-playground/market-analytics-playground/app/pages/02_Downtrend_Confirmation_Score.py", line 967, in <module>
    pct = 0 if np.isnan(it['Score']) else it['Score']
                        ~~^^^^^^^^^
KeyError: 'Score'
2025-10-31 14:06:07.928 Uncaught app exception
Traceback (most recent call last):
  File "/Users/pawelleks/Documents/daily-charts/.venv/lib/python3.12/site-packages/streamlit/runtime/scriptrunner/exec_code.py", line 88, in exec_func_with_error_handling
    result = func()
             ^^^^^^
  File "/Users/pawelleks/Documents/daily-charts/.venv/lib/python3.12/site-packages/streamlit/runtime/scriptrunner/script_runner.py", line 590, in code_to_exec
    exec(code, module.__dict__)
  File "/Users/pawelleks/Documents/Python/Projects/market-analytics-playground/market-analytics-playground/app/pages/02_Downtrend_Confirmation_Score.py", line 967, in <module>
    pct = 0 if np.isnan(it['Score']) else it['Score']
                        ~~^^^^^^^^^
KeyError: 'Score'
2025-10-31 14:09:42.722 Uncaught app exception
Traceback (most recent call last):
  File "/Users/pawelleks/Documents/daily-charts/.venv/lib/python3.12/site-packages/streamlit/runtime/scriptrunner/exec_code.py", line 88, in exec_func_with_error_handling
    result = func()
             ^^^^^^
  File "/Users/pawelleks/Documents/daily-charts/.venv/lib/python3.12/site-packages/streamlit/runtime/scriptrunner/script_runner.py", line 590, in code_to_exec
    exec(code, module.__dict__)
  File "/Users/pawelleks/Documents/Python/Projects/market-analytics-playground/market-analytics-playground/app/pages/02_Downtrend_Confirmation_Score.py", line 967, in <module>
    pct = 0 if np.isnan(it['Score']) else it['Score']
                        ~~^^^^^^^^^
KeyError: 'Score'
2025-10-31 14:12:53.007 Uncaught app exception
Traceback (most recent call last):
  File "/Users/pawelleks/Documents/daily-charts/.venv/lib/python3.12/site-packages/streamlit/runtime/scriptrunner/exec_code.py", line 88, in exec_func_with_error_handling
    result = func()
             ^^^^^^
  File "/Users/pawelleks/Documents/daily-charts/.venv/lib/python3.12/site-packages/streamlit/runtime/scriptrunner/script_runner.py", line 590, in code_to_exec
    exec(code, module.__dict__)
  File "/Users/pawelleks/Documents/Python/Projects/market-analytics-playground/market-analytics-playground/app/pages/02_Downtrend_Confirmation_Score.py", line 967, in <module>
    pct = 0 if np.isnan(it['Score']) else it['Score']
                        ~~^^^^^^^^^
KeyError: 'Score'
2025-10-31 14:12:54.908 Uncaught app exception
Traceback (most recent call last):
  File "/Users/pawelleks/Documents/daily-charts/.venv/lib/python3.12/site-packages/streamlit/runtime/scriptrunner/exec_code.py", line 88, in exec_func_with_error_handling
    result = func()
             ^^^^^^
  File "/Users/pawelleks/Documents/daily-charts/.venv/lib/python3.12/site-packages/streamlit/runtime/scriptrunner/script_runner.py", line 590, in code_to_exec
    exec(code, module.__dict__)
  File "/Users/pawelleks/Documents/Python/Projects/market-analytics-playground/market-analytics-playground/app/pages/02_Downtrend_Confirmation_Score.py", line 967, in <module>
    pct = 0 if np.isnan(it['Score']) else it['Score']
                        ~~^^^^^^^^^
KeyError: 'Score'
2025-10-31 14:13:47.691 Uncaught app exception
Traceback (most recent call last):
  File "/Users/pawelleks/Documents/daily-charts/.venv/lib/python3.12/site-packages/streamlit/runtime/scriptrunner/exec_code.py", line 88, in exec_func_with_error_handling
    result = func()
             ^^^^^^
  File "/Users/pawelleks/Documents/daily-charts/.venv/lib/python3.12/site-packages/streamlit/runtime/scriptrunner/script_runner.py", line 590, in code_to_exec
    exec(code, module.__dict__)
  File "/Users/pawelleks/Documents/Python/Projects/market-analytics-playground/market-analytics-playground/app/pages/02_Downtrend_Confirmation_Score.py", line 967, in <module>
    pct = 0 if np.isnan(it['Score']) else it['Score']
                        ~~^^^^^^^^^
KeyError: 'Score'
2025-10-31 14:14:17.575 MediaFileHandler: Missing file c6a2a4b1c28a59a3ade4937b5d3fb2ea3a5bbae52b1977c2c6c3331e.png
2025-10-31 14:14:17.737 MediaFileHandler: Missing file 49f073e6bfdf83867ebadd33789f45a5188b9a1580c8441bb307d242.png
2025-10-31 14:14:45.810 MediaFileHandler: Missing file c6a2a4b1c28a59a3ade4937b5d3fb2ea3a5bbae52b1977c2c6c3331e.png
2025-10-31 14:14:45.979 MediaFileHandler: Missing file 49f073e6bfdf83867ebadd33789f45a5188b9a1580c8441bb307d242.png
2025-10-31 14:14:46.244 MediaFileHandler: Missing file f21cf704d8ddee67e7b2e22cbd06b92a97b55b5ef861cf6059db6621.png
2025-10-31 14:14:46.330 MediaFileHandler: Missing file 40ccf167a19fc6d9a094f1579a56fdf4c8c22790e5075c0effa728fa.png
2025-10-31 14:14:46.381 MediaFileHandler: Missing file 1e49e1cb4de58f05b07cc742d20df5d0f9562efb63a85ed47228b3d2.png
2025-10-31 14:14:46.470 MediaFileHandler: Missing file e7c4da56b39811af2c1e82f14fa5fa2e7981459ba714f0431a7dc7b9.png
2025-10-31 14:14:50.797 MediaFileHandler: Missing file c6a2a4b1c28a59a3ade4937b5d3fb2ea3a5bbae52b1977c2c6c3331e.png
2025-10-31 14:14:50.961 MediaFileHandler: Missing file 49f073e6bfdf83867ebadd33789f45a5188b9a1580c8441bb307d242.png
2025-10-31 14:14:51.260 MediaFileHandler: Missing file f21cf704d8ddee67e7b2e22cbd06b92a97b55b5ef861cf6059db6621.png
2025-10-31 14:14:51.316 MediaFileHandler: Missing file 40ccf167a19fc6d9a094f1579a56fdf4c8c22790e5075c0effa728fa.png
2025-10-31 14:14:51.374 MediaFileHandler: Missing file 1e49e1cb4de58f05b07cc742d20df5d0f9562efb63a85ed47228b3d2.png
2025-10-31 14:14:51.492 MediaFileHandler: Missing file e7c4da56b39811af2c1e82f14fa5fa2e7981459ba714f0431a7dc7b9.png
2025-10-31 14:16:54.651 Uncaught app exception
Traceback (most recent call last):
  File "/Users/pawelleks/Documents/daily-charts/.venv/lib/python3.12/site-packages/streamlit/runtime/scriptrunner/exec_code.py", line 88, in exec_func_with_error_handling
    result = func()
             ^^^^^^
  File "/Users/pawelleks/Documents/daily-charts/.venv/lib/python3.12/site-packages/streamlit/runtime/scriptrunner/script_runner.py", line 590, in code_to_exec
    exec(code, module.__dict__)
  File "/Users/pawelleks/Documents/Python/Projects/market-analytics-playground/market-analytics-playground/app/pages/02_Downtrend_Confirmation_Score.py", line 967, in <module>
    pct = 0 if np.isnan(it['Score']) else it['Score']
                        ~~^^^^^^^^^
KeyError: 'Score'
2025-10-31 14:17:06.750 MediaFileHandler: Missing file c372aa8236b027823722d9eb3c43c3e3ee977b473601e4de03e7c084.png
2025-10-31 14:17:06.914 MediaFileHandler: Missing file 49d85d09c97fa7ab9801a8ac2032bc19805e53e6c5ecc4a13cdac028.png
2025-10-31 14:17:07.625 MediaFileHandler: Missing file a350d8663219870ce975041a07393a72e0e1b0eef51c2436950ac885.png
2025-10-31 14:17:07.705 MediaFileHandler: Missing file 0d76d5f841b1d4b5e2454b98849c752eb4bf5d982fe11deb42ecd2ea.png
2025-10-31 14:17:07.760 MediaFileHandler: Missing file 23b995d0a481d7484a103228a14006682076385b78bc28b352896f33.png
2025-10-31 14:17:07.872 MediaFileHandler: Missing file 8bbc565e1f54671dc0fa74bff489b8225c04cdb346e6e9037b1d792b.png
2025-10-31 14:18:35.831 MediaFileHandler: Missing file 262ea314d9801c1c8cb79a0369d414c32752c9d98032a0f056a2cbdf.png
2025-10-31 14:18:36.013 MediaFileHandler: Missing file 5871557be6bb68dbdad7f2fde751eefde24c73ae474638a2ccad8322.png
2025-10-31 14:18:36.679 MediaFileHandler: Missing file d2e6f0e7f98815468417a4eee352a51894e3ab831c6bb13c962a5cf1.png
2025-10-31 14:18:36.755 MediaFileHandler: Missing file 45b3af5e908d180aef627adc47b70952600965a32b4bc06d4bac0ad7.png
2025-10-31 14:18:36.818 MediaFileHandler: Missing file 72b6518bf65071fd1a0316c57c23d3661482a272a41e2078a699af63.png
2025-10-31 14:18:36.967 MediaFileHandler: Missing file 7376351f9d582ce40b6d3839823c313a74e9fc1f3e6143807c595401.png
2025-10-31 14:23:28.702 MediaFileHandler: Missing file 1c73f89f60cf7eee7c28546dd3f6481c633a20aff643da5d0e328a34.png
2025-10-31 14:23:28.865 MediaFileHandler: Missing file f051a88b3cd6539e324496b22747c7f3113121f91a5e1c5b25337e49.png
2025-10-31 14:23:29.534 MediaFileHandler: Missing file 2e9e03197cfc6a018d851e2c12141dbf5cc22ed1708bf507d083d73f.png
2025-10-31 14:23:29.607 MediaFileHandler: Missing file a46951e08fd90595607fc9c02dee5ad79b27ff1c2952e21ed478126e.png
2025-10-31 14:23:29.667 MediaFileHandler: Missing file 7ae6b0c0feaeb0232cef24757d0abbe5f04889ab2083653bd25856d8.png
2025-10-31 14:23:29.777 MediaFileHandler: Missing file 2f20c7453ac395d41589fb8736d875ec7083aa04e092f41b56e63be7.png
2025-10-31 14:23:51.209 Uncaught app exception
Traceback (most recent call last):
  File "/Users/pawelleks/Documents/daily-charts/.venv/lib/python3.12/site-packages/streamlit/runtime/scriptrunner/exec_code.py", line 88, in exec_func_with_error_handling
    result = func()
             ^^^^^^
  File "/Users/pawelleks/Documents/daily-charts/.venv/lib/python3.12/site-packages/streamlit/runtime/scriptrunner/script_runner.py", line 590, in code_to_exec
    exec(code, module.__dict__)
  File "/Users/pawelleks/Documents/Python/Projects/market-analytics-playground/market-analytics-playground/app/pages/02_Downtrend_Confirmation_Score.py", line 673, in <module>
    'Score': (np.nan if r['Score (0-1)']=="NA" else float(r['Score (0-1)'])),
                        ~^^^^^^^^^^^^^^^
KeyError: 'Score (0-1)'
2025-10-31 14:24:44.560 Uncaught app exception
Traceback (most recent call last):
  File "/Users/pawelleks/Documents/daily-charts/.venv/lib/python3.12/site-packages/streamlit/runtime/scriptrunner/exec_code.py", line 88, in exec_func_with_error_handling
    result = func()
             ^^^^^^
  File "/Users/pawelleks/Documents/daily-charts/.venv/lib/python3.12/site-packages/streamlit/runtime/scriptrunner/script_runner.py", line 590, in code_to_exec
    exec(code, module.__dict__)
  File "/Users/pawelleks/Documents/Python/Projects/market-analytics-playground/market-analytics-playground/app/pages/02_Downtrend_Confirmation_Score.py", line 673, in <module>
    'Score': (np.nan if r['Score (0-1)']=="NA" else float(r['Score (0-1)'])),
                        ~^^^^^^^^^^^^^^^
KeyError: 'Score (0-1)'
2025-11-02 19:20:59.704 MediaFileHandler: Missing file b202b56468a7f408a8cbb0ada12b0ff1ec15e37a470d4ef7d2e2be70.png
2025-11-02 19:20:59.781 MediaFileHandler: Missing file 7a5d11f5abfbb09c0505185e8c2dfde4699865d281dcaa42429b8a2e.png
